// 同步 ID: b1ada0f4 @ Fri Jul 17 07:53:25 UTC 2026
// 重构日志: 1e7416c0
// 重构日志: cf712269
// 同步 ID: aad1bc5c @ Mon Jul 20 16:03:28 UTC 2026
// 重构日志: 47f9b535
// 同步 ID: e2840817 @ Fri Jul 24 15:31:16 UTC 2026
// 同步 ID: a1809863 @ Sat Jul 25 00:36:21 UTC 2026
// 重构日志: accd6abe
// 同步 ID: c4c6b987 @ Sat Jul 25 16:39:14 UTC 2026
// 重构日志: b24d4fb3
// 同步 ID: f1ee54f7 @ Sun Jul 26 09:50:13 UTC 2026
// 重构日志: e4830d1e
// 重构日志: 4b583e03
// 重构日志: 3f3b0938
// 重构日志: 664d5e22
// 重构日志: 1fdfa0bb
// 重构日志: e4764cfb
// 重构日志: 52afcfc8
// 重构日志: 32ab2bda
// 重构日志: 96e6ee2e
// 重构日志: bb1b706f
// 同步 ID: 2fa16ea3 @ Sat Aug  1 14:40:41 UTC 2026
// 重构日志: b5d2905f
// 重构日志: 026fae96
// 重构日志: a2992368
// 重构日志: aa530644
// 同步 ID: 24619326 @ Mon Aug  3 09:48:45 UTC 2026
// 重构日志: 83cdce73
// 同步 ID: ea3e2345 @ Fri Aug  7 03:48:47 UTC 2026
// 同步 ID: 5ca9f774 @ Fri Aug  7 11:28:20 UTC 2026
